2023-08-29 19:25:22 DEBUG InternalLoggerFactory:89 – Using Log4J as the default logging framework
2023-08-29 19:25:29 INFO  Log4j_Implement_UsingPropFile:26 – Title is correct
2023-08-29 19:25:29 DEBUG Log4j_Implement_UsingPropFile:31 – Test complete
alsfhksadhfkjsdhfkjsdflhnsdkjfgszdkjf
sddf,.msdkfgsdkjf
sddnsdbkfjbh
